Copyright 1986-2016 Xilinx, Inc. All Rights Reserved.
-------------------------------------------------------------------------------------------------------------------------------
| Tool Version     : Vivado v.2016.2 (win64) Build 1577090 Thu Jun  2 16:32:40 MDT 2016
| Date             : Thu Aug 20 00:35:18 2020
| Host             : kPC running 64-bit major release  (build 9200)
| Command          : report_power -file top_power_routed.rpt -pb top_power_summary_routed.pb -rpx top_power_routed.rpx
| Design           : top
| Device           : xc7a100tcsg324-1
| Design State     : routed
| Grade            : commercial
| Process          : typical
| Characterization : Production
-------------------------------------------------------------------------------------------------------------------------------

Power Report

Table of Contents
-----------------
1. Summary
1.1 On-Chip Components
1.2 Power Supply Summary
1.3 Confidence Level
2. Settings
2.1 Environment
2.2 Clock Constraints
3. Detailed Reports
3.1 By Hierarchy

1. Summary
----------

+--------------------------+-------+
| Total On-Chip Power (W)  | 0.100 |
| Dynamic (W)              | 0.003 |
| Device Static (W)        | 0.097 |
| Effective TJA (C/W)      | 4.6   |
| Max Ambient (C)          | 84.5  |
| Junction Temperature (C) | 25.5  |
| Confidence Level         | Low   |
| Setting File             | ---   |
| Simulation Activity File | ---   |
| Design Nets Matched      | NA    |
+--------------------------+-------+


1.1 On-Chip Components
----------------------

+--------------------------+-----------+----------+-----------+-----------------+
| On-Chip                  | Power (W) | Used     | Available | Utilization (%) |
+--------------------------+-----------+----------+-----------+-----------------+
| Clocks                   |    <0.001 |        3 |       --- |             --- |
| Slice Logic              |    <0.001 |    12314 |       --- |             --- |
|   LUT as Logic           |    <0.001 |     5676 |     63400 |            8.95 |
|   CARRY4                 |    <0.001 |      550 |     15850 |            3.47 |
|   Register               |    <0.001 |     2876 |    126800 |            2.27 |
|   F7/F8 Muxes            |    <0.001 |     1231 |     63400 |            1.94 |
|   BUFG                   |    <0.001 |        8 |        32 |           25.00 |
|   LUT as Distributed RAM |    <0.001 |     1024 |     19000 |            5.39 |
|   Others                 |     0.000 |       55 |       --- |             --- |
| Signals                  |    <0.001 |     9087 |       --- |             --- |
| I/O                      |     0.002 |       20 |       210 |            9.52 |
| Static Power             |     0.097 |          |           |                 |
| Total                    |     0.100 |          |           |                 |
+--------------------------+-----------+----------+-----------+-----------------+


1.2 Power Supply Summary
------------------------

+-----------+-------------+-----------+-------------+------------+
| Source    | Voltage (V) | Total (A) | Dynamic (A) | Static (A) |
+-----------+-------------+-----------+-------------+------------+
| Vccint    |       1.000 |     0.016 |       0.001 |      0.015 |
| Vccaux    |       1.800 |     0.018 |       0.000 |      0.018 |
| Vcco33    |       3.300 |     0.005 |       0.001 |      0.004 |
| Vcco25    |       2.500 |     0.000 |       0.000 |      0.000 |
| Vcco18    |       1.800 |     0.000 |       0.000 |      0.000 |
| Vcco15    |       1.500 |     0.000 |       0.000 |      0.000 |
| Vcco135   |       1.350 |     0.000 |       0.000 |      0.000 |
| Vcco12    |       1.200 |     0.000 |       0.000 |      0.000 |
| Vccaux_io |       1.800 |     0.000 |       0.000 |      0.000 |
| Vccbram   |       1.000 |     0.000 |       0.000 |      0.000 |
| MGTAVcc   |       1.000 |     0.000 |       0.000 |      0.000 |
| MGTAVtt   |       1.200 |     0.000 |       0.000 |      0.000 |
| Vccadc    |       1.800 |     0.020 |       0.000 |      0.020 |
+-----------+-------------+-----------+-------------+------------+


1.3 Confidence Level
--------------------

+-----------------------------+------------+-------------------------------------------------------+--------------------------------------------------------------------------------------------------------------------+
| User Input Data             | Confidence | Details                                               | Action                                                                                                             |
+-----------------------------+------------+-------------------------------------------------------+--------------------------------------------------------------------------------------------------------------------+
| Design implementation state | High       | Design is routed                                      |                                                                                                                    |
| Clock nodes activity        | Low        | User specified less than 75% of clocks                | Provide missing clock activity with a constraint file, simulation results or by editing the "By Clock Domain" view |
| I/O nodes activity          | Medium     | More than 5% of inputs are missing user specification | Provide missing input activity with simulation results or by editing the "By Resource Type -> I/Os" view           |
| Internal nodes activity     | Medium     | User specified less than 25% of internal nodes        | Provide missing internal nodes activity with simulation results or by editing the "By Resource Type" views         |
| Device models               | High       | Device models are Production                          |                                                                                                                    |
|                             |            |                                                       |                                                                                                                    |
| Overall confidence level    | Low        |                                                       |                                                                                                                    |
+-----------------------------+------------+-------------------------------------------------------+--------------------------------------------------------------------------------------------------------------------+


2. Settings
-----------

2.1 Environment
---------------

+-----------------------+--------------------------+
| Ambient Temp (C)      | 25.0                     |
| ThetaJA (C/W)         | 4.6                      |
| Airflow (LFM)         | 250                      |
| Heat Sink             | medium (Medium Profile)  |
| ThetaSA (C/W)         | 4.6                      |
| Board Selection       | medium (10"x10")         |
| # of Board Layers     | 12to15 (12 to 15 Layers) |
| Board Temperature (C) | 25.0                     |
+-----------------------+--------------------------+


2.2 Clock Constraints
---------------------

+---------+--------+-----------------+
| Clock   | Domain | Constraint (ns) |
+---------+--------+-----------------+
| clk_pin | clk_in |           100.0 |
+---------+--------+-----------------+


3. Detailed Reports
-------------------

3.1 By Hierarchy
----------------

+-------------------------------------+-----------+
| Name                                | Power (W) |
+-------------------------------------+-----------+
| top                                 |     0.003 |
|   Divider1                          |    <0.001 |
|   Divider2                          |    <0.001 |
|   cpu                               |    <0.001 |
|     DMEM                            |    <0.001 |
|       U0                            |    <0.001 |
|         synth_options.dist_mem_inst |    <0.001 |
|           gen_sp_ram.spram_inst     |    <0.001 |
|             ram_reg_0_255_0_0       |    <0.001 |
|             ram_reg_0_255_10_10     |    <0.001 |
|             ram_reg_0_255_11_11     |    <0.001 |
|             ram_reg_0_255_12_12     |    <0.001 |
|             ram_reg_0_255_13_13     |    <0.001 |
|             ram_reg_0_255_14_14     |    <0.001 |
|             ram_reg_0_255_15_15     |    <0.001 |
|             ram_reg_0_255_16_16     |    <0.001 |
|             ram_reg_0_255_17_17     |    <0.001 |
|             ram_reg_0_255_18_18     |    <0.001 |
|             ram_reg_0_255_19_19     |    <0.001 |
|             ram_reg_0_255_1_1       |    <0.001 |
|             ram_reg_0_255_20_20     |    <0.001 |
|             ram_reg_0_255_21_21     |    <0.001 |
|             ram_reg_0_255_22_22     |    <0.001 |
|             ram_reg_0_255_23_23     |    <0.001 |
|             ram_reg_0_255_24_24     |    <0.001 |
|             ram_reg_0_255_25_25     |    <0.001 |
|             ram_reg_0_255_26_26     |    <0.001 |
|             ram_reg_0_255_27_27     |    <0.001 |
|             ram_reg_0_255_28_28     |    <0.001 |
|             ram_reg_0_255_29_29     |    <0.001 |
|             ram_reg_0_255_2_2       |    <0.001 |
|             ram_reg_0_255_30_30     |    <0.001 |
|             ram_reg_0_255_31_31     |    <0.001 |
|             ram_reg_0_255_3_3       |    <0.001 |
|             ram_reg_0_255_4_4       |    <0.001 |
|             ram_reg_0_255_5_5       |    <0.001 |
|             ram_reg_0_255_6_6       |    <0.001 |
|             ram_reg_0_255_7_7       |    <0.001 |
|             ram_reg_0_255_8_8       |    <0.001 |
|             ram_reg_0_255_9_9       |    <0.001 |
|             ram_reg_1024_1279_0_0   |    <0.001 |
|             ram_reg_1024_1279_10_10 |    <0.001 |
|             ram_reg_1024_1279_11_11 |    <0.001 |
|             ram_reg_1024_1279_12_12 |    <0.001 |
|             ram_reg_1024_1279_13_13 |    <0.001 |
|             ram_reg_1024_1279_14_14 |    <0.001 |
|             ram_reg_1024_1279_15_15 |    <0.001 |
|             ram_reg_1024_1279_16_16 |    <0.001 |
|             ram_reg_1024_1279_17_17 |    <0.001 |
|             ram_reg_1024_1279_18_18 |    <0.001 |
|             ram_reg_1024_1279_19_19 |    <0.001 |
|             ram_reg_1024_1279_1_1   |    <0.001 |
|             ram_reg_1024_1279_20_20 |    <0.001 |
|             ram_reg_1024_1279_21_21 |    <0.001 |
|             ram_reg_1024_1279_22_22 |    <0.001 |
|             ram_reg_1024_1279_23_23 |    <0.001 |
|             ram_reg_1024_1279_24_24 |    <0.001 |
|             ram_reg_1024_1279_25_25 |    <0.001 |
|             ram_reg_1024_1279_26_26 |    <0.001 |
|             ram_reg_1024_1279_27_27 |    <0.001 |
|             ram_reg_1024_1279_28_28 |    <0.001 |
|             ram_reg_1024_1279_29_29 |    <0.001 |
|             ram_reg_1024_1279_2_2   |    <0.001 |
|             ram_reg_1024_1279_30_30 |    <0.001 |
|             ram_reg_1024_1279_31_31 |    <0.001 |
|             ram_reg_1024_1279_3_3   |    <0.001 |
|             ram_reg_1024_1279_4_4   |    <0.001 |
|             ram_reg_1024_1279_5_5   |    <0.001 |
|             ram_reg_1024_1279_6_6   |    <0.001 |
|             ram_reg_1024_1279_7_7   |    <0.001 |
|             ram_reg_1024_1279_8_8   |    <0.001 |
|             ram_reg_1024_1279_9_9   |    <0.001 |
|             ram_reg_1280_1535_0_0   |    <0.001 |
|             ram_reg_1280_1535_10_10 |    <0.001 |
|             ram_reg_1280_1535_11_11 |    <0.001 |
|             ram_reg_1280_1535_12_12 |    <0.001 |
|             ram_reg_1280_1535_13_13 |    <0.001 |
|             ram_reg_1280_1535_14_14 |    <0.001 |
|             ram_reg_1280_1535_15_15 |    <0.001 |
|             ram_reg_1280_1535_16_16 |    <0.001 |
|             ram_reg_1280_1535_17_17 |    <0.001 |
|             ram_reg_1280_1535_18_18 |    <0.001 |
|             ram_reg_1280_1535_19_19 |    <0.001 |
|             ram_reg_1280_1535_1_1   |    <0.001 |
|             ram_reg_1280_1535_20_20 |    <0.001 |
|             ram_reg_1280_1535_21_21 |    <0.001 |
|             ram_reg_1280_1535_22_22 |    <0.001 |
|             ram_reg_1280_1535_23_23 |    <0.001 |
|             ram_reg_1280_1535_24_24 |    <0.001 |
|             ram_reg_1280_1535_25_25 |    <0.001 |
|             ram_reg_1280_1535_26_26 |    <0.001 |
|             ram_reg_1280_1535_27_27 |    <0.001 |
|             ram_reg_1280_1535_28_28 |    <0.001 |
|             ram_reg_1280_1535_29_29 |    <0.001 |
|             ram_reg_1280_1535_2_2   |    <0.001 |
|             ram_reg_1280_1535_30_30 |    <0.001 |
|             ram_reg_1280_1535_31_31 |    <0.001 |
|             ram_reg_1280_1535_3_3   |    <0.001 |
|             ram_reg_1280_1535_4_4   |    <0.001 |
|             ram_reg_1280_1535_5_5   |    <0.001 |
|             ram_reg_1280_1535_6_6   |    <0.001 |
|             ram_reg_1280_1535_7_7   |    <0.001 |
|             ram_reg_1280_1535_8_8   |    <0.001 |
|             ram_reg_1280_1535_9_9   |    <0.001 |
|             ram_reg_1536_1791_0_0   |    <0.001 |
|             ram_reg_1536_1791_10_10 |    <0.001 |
|             ram_reg_1536_1791_11_11 |    <0.001 |
|             ram_reg_1536_1791_12_12 |    <0.001 |
|             ram_reg_1536_1791_13_13 |    <0.001 |
|             ram_reg_1536_1791_14_14 |    <0.001 |
|             ram_reg_1536_1791_15_15 |    <0.001 |
|             ram_reg_1536_1791_16_16 |    <0.001 |
|             ram_reg_1536_1791_17_17 |    <0.001 |
|             ram_reg_1536_1791_18_18 |    <0.001 |
|             ram_reg_1536_1791_19_19 |    <0.001 |
|             ram_reg_1536_1791_1_1   |    <0.001 |
|             ram_reg_1536_1791_20_20 |    <0.001 |
|             ram_reg_1536_1791_21_21 |    <0.001 |
|             ram_reg_1536_1791_22_22 |    <0.001 |
|             ram_reg_1536_1791_23_23 |    <0.001 |
|             ram_reg_1536_1791_24_24 |    <0.001 |
|             ram_reg_1536_1791_25_25 |    <0.001 |
|             ram_reg_1536_1791_26_26 |    <0.001 |
|             ram_reg_1536_1791_27_27 |    <0.001 |
|             ram_reg_1536_1791_28_28 |    <0.001 |
|             ram_reg_1536_1791_29_29 |    <0.001 |
|             ram_reg_1536_1791_2_2   |    <0.001 |
|             ram_reg_1536_1791_30_30 |    <0.001 |
|             ram_reg_1536_1791_31_31 |    <0.001 |
|             ram_reg_1536_1791_3_3   |    <0.001 |
|             ram_reg_1536_1791_4_4   |    <0.001 |
|             ram_reg_1536_1791_5_5   |    <0.001 |
|             ram_reg_1536_1791_6_6   |    <0.001 |
|             ram_reg_1536_1791_7_7   |    <0.001 |
|             ram_reg_1536_1791_8_8   |    <0.001 |
|             ram_reg_1536_1791_9_9   |    <0.001 |
|             ram_reg_1792_2047_0_0   |    <0.001 |
|             ram_reg_1792_2047_10_10 |    <0.001 |
|             ram_reg_1792_2047_11_11 |    <0.001 |
|             ram_reg_1792_2047_12_12 |    <0.001 |
|             ram_reg_1792_2047_13_13 |    <0.001 |
|             ram_reg_1792_2047_14_14 |    <0.001 |
|             ram_reg_1792_2047_15_15 |    <0.001 |
|             ram_reg_1792_2047_16_16 |    <0.001 |
|             ram_reg_1792_2047_17_17 |    <0.001 |
|             ram_reg_1792_2047_18_18 |    <0.001 |
|             ram_reg_1792_2047_19_19 |    <0.001 |
|             ram_reg_1792_2047_1_1   |    <0.001 |
|             ram_reg_1792_2047_20_20 |    <0.001 |
|             ram_reg_1792_2047_21_21 |    <0.001 |
|             ram_reg_1792_2047_22_22 |    <0.001 |
|             ram_reg_1792_2047_23_23 |    <0.001 |
|             ram_reg_1792_2047_24_24 |    <0.001 |
|             ram_reg_1792_2047_25_25 |    <0.001 |
|             ram_reg_1792_2047_26_26 |    <0.001 |
|             ram_reg_1792_2047_27_27 |    <0.001 |
|             ram_reg_1792_2047_28_28 |    <0.001 |
|             ram_reg_1792_2047_29_29 |    <0.001 |
|             ram_reg_1792_2047_2_2   |    <0.001 |
|             ram_reg_1792_2047_30_30 |    <0.001 |
|             ram_reg_1792_2047_31_31 |    <0.001 |
|             ram_reg_1792_2047_3_3   |    <0.001 |
|             ram_reg_1792_2047_4_4   |    <0.001 |
|             ram_reg_1792_2047_5_5   |    <0.001 |
|             ram_reg_1792_2047_6_6   |    <0.001 |
|             ram_reg_1792_2047_7_7   |    <0.001 |
|             ram_reg_1792_2047_8_8   |    <0.001 |
|             ram_reg_1792_2047_9_9   |    <0.001 |
|             ram_reg_256_511_0_0     |    <0.001 |
|             ram_reg_256_511_10_10   |    <0.001 |
|             ram_reg_256_511_11_11   |    <0.001 |
|             ram_reg_256_511_12_12   |    <0.001 |
|             ram_reg_256_511_13_13   |    <0.001 |
|             ram_reg_256_511_14_14   |    <0.001 |
|             ram_reg_256_511_15_15   |    <0.001 |
|             ram_reg_256_511_16_16   |    <0.001 |
|             ram_reg_256_511_17_17   |    <0.001 |
|             ram_reg_256_511_18_18   |    <0.001 |
|             ram_reg_256_511_19_19   |    <0.001 |
|             ram_reg_256_511_1_1     |    <0.001 |
|             ram_reg_256_511_20_20   |    <0.001 |
|             ram_reg_256_511_21_21   |    <0.001 |
|             ram_reg_256_511_22_22   |    <0.001 |
|             ram_reg_256_511_23_23   |    <0.001 |
|             ram_reg_256_511_24_24   |    <0.001 |
|             ram_reg_256_511_25_25   |    <0.001 |
|             ram_reg_256_511_26_26   |    <0.001 |
|             ram_reg_256_511_27_27   |    <0.001 |
|             ram_reg_256_511_28_28   |    <0.001 |
|             ram_reg_256_511_29_29   |    <0.001 |
|             ram_reg_256_511_2_2     |    <0.001 |
|             ram_reg_256_511_30_30   |    <0.001 |
|             ram_reg_256_511_31_31   |    <0.001 |
|             ram_reg_256_511_3_3     |    <0.001 |
|             ram_reg_256_511_4_4     |    <0.001 |
|             ram_reg_256_511_5_5     |    <0.001 |
|             ram_reg_256_511_6_6     |    <0.001 |
|             ram_reg_256_511_7_7     |    <0.001 |
|             ram_reg_256_511_8_8     |    <0.001 |
|             ram_reg_256_511_9_9     |    <0.001 |
|             ram_reg_512_767_0_0     |    <0.001 |
|             ram_reg_512_767_10_10   |    <0.001 |
|             ram_reg_512_767_11_11   |    <0.001 |
|             ram_reg_512_767_12_12   |    <0.001 |
|             ram_reg_512_767_13_13   |    <0.001 |
|             ram_reg_512_767_14_14   |    <0.001 |
|             ram_reg_512_767_15_15   |    <0.001 |
|             ram_reg_512_767_16_16   |    <0.001 |
|             ram_reg_512_767_17_17   |    <0.001 |
|             ram_reg_512_767_18_18   |    <0.001 |
|             ram_reg_512_767_19_19   |    <0.001 |
|             ram_reg_512_767_1_1     |    <0.001 |
|             ram_reg_512_767_20_20   |    <0.001 |
|             ram_reg_512_767_21_21   |    <0.001 |
|             ram_reg_512_767_22_22   |    <0.001 |
|             ram_reg_512_767_23_23   |    <0.001 |
|             ram_reg_512_767_24_24   |    <0.001 |
|             ram_reg_512_767_25_25   |    <0.001 |
|             ram_reg_512_767_26_26   |    <0.001 |
|             ram_reg_512_767_27_27   |    <0.001 |
|             ram_reg_512_767_28_28   |    <0.001 |
|             ram_reg_512_767_29_29   |    <0.001 |
|             ram_reg_512_767_2_2     |    <0.001 |
|             ram_reg_512_767_30_30   |    <0.001 |
|             ram_reg_512_767_31_31   |    <0.001 |
|             ram_reg_512_767_3_3     |    <0.001 |
|             ram_reg_512_767_4_4     |    <0.001 |
|             ram_reg_512_767_5_5     |    <0.001 |
|             ram_reg_512_767_6_6     |    <0.001 |
|             ram_reg_512_767_7_7     |    <0.001 |
|             ram_reg_512_767_8_8     |    <0.001 |
|             ram_reg_512_767_9_9     |    <0.001 |
|             ram_reg_768_1023_0_0    |    <0.001 |
|             ram_reg_768_1023_10_10  |    <0.001 |
|             ram_reg_768_1023_11_11  |    <0.001 |
|             ram_reg_768_1023_12_12  |    <0.001 |
|             ram_reg_768_1023_13_13  |    <0.001 |
|             ram_reg_768_1023_14_14  |    <0.001 |
|             ram_reg_768_1023_15_15  |    <0.001 |
|             ram_reg_768_1023_16_16  |    <0.001 |
|             ram_reg_768_1023_17_17  |    <0.001 |
|             ram_reg_768_1023_18_18  |    <0.001 |
|             ram_reg_768_1023_19_19  |    <0.001 |
|             ram_reg_768_1023_1_1    |    <0.001 |
|             ram_reg_768_1023_20_20  |    <0.001 |
|             ram_reg_768_1023_21_21  |    <0.001 |
|             ram_reg_768_1023_22_22  |    <0.001 |
|             ram_reg_768_1023_23_23  |    <0.001 |
|             ram_reg_768_1023_24_24  |    <0.001 |
|             ram_reg_768_1023_25_25  |    <0.001 |
|             ram_reg_768_1023_26_26  |    <0.001 |
|             ram_reg_768_1023_27_27  |    <0.001 |
|             ram_reg_768_1023_28_28  |    <0.001 |
|             ram_reg_768_1023_29_29  |    <0.001 |
|             ram_reg_768_1023_2_2    |    <0.001 |
|             ram_reg_768_1023_30_30  |    <0.001 |
|             ram_reg_768_1023_31_31  |    <0.001 |
|             ram_reg_768_1023_3_3    |    <0.001 |
|             ram_reg_768_1023_4_4    |    <0.001 |
|             ram_reg_768_1023_5_5    |    <0.001 |
|             ram_reg_768_1023_6_6    |    <0.001 |
|             ram_reg_768_1023_7_7    |    <0.001 |
|             ram_reg_768_1023_8_8    |    <0.001 |
|             ram_reg_768_1023_9_9    |    <0.001 |
|     IMEM                            |    <0.001 |
|       U0                            |    <0.001 |
|         synth_options.dist_mem_inst |    <0.001 |
|           gen_rom.rom_inst          |    <0.001 |
|     sccpu                           |    <0.001 |
|       ALU                           |    <0.001 |
|         m11                         |    <0.001 |
|         m12                         |    <0.001 |
|         m13                         |    <0.001 |
|         m14                         |    <0.001 |
|         m9                          |    <0.001 |
|       ALU_save                      |    <0.001 |
|       CP0                           |    <0.001 |
|       CPMEM                         |    <0.001 |
|       CU                            |    <0.001 |
|       DIV                           |    <0.001 |
|         divison_unit                |    <0.001 |
|       DIVU                          |    <0.001 |
|       EXT1                          |    <0.001 |
|       HI                            |    <0.001 |
|         m0                          |    <0.001 |
|         m1                          |    <0.001 |
|         m10                         |    <0.001 |
|         m11                         |    <0.001 |
|         m12                         |    <0.001 |
|         m13                         |    <0.001 |
|         m14                         |    <0.001 |
|         m15                         |    <0.001 |
|         m16                         |    <0.001 |
|         m17                         |    <0.001 |
|         m18                         |    <0.001 |
|         m19                         |    <0.001 |
|         m2                          |    <0.001 |
|         m20                         |    <0.001 |
|         m21                         |    <0.001 |
|         m22                         |    <0.001 |
|         m23                         |    <0.001 |
|         m24                         |    <0.001 |
|         m25                         |    <0.001 |
|         m26                         |    <0.001 |
|         m27                         |    <0.001 |
|         m28                         |    <0.001 |
|         m29                         |    <0.001 |
|         m3                          |    <0.001 |
|         m30                         |    <0.001 |
|         m31                         |    <0.001 |
|         m4                          |    <0.001 |
|         m5                          |    <0.001 |
|         m6                          |    <0.001 |
|         m7                          |    <0.001 |
|         m8                          |    <0.001 |
|         m9                          |    <0.001 |
|       ID                            |    <0.001 |
|       INST_save                     |    <0.001 |
|       IR                            |    <0.001 |
|         m0                          |    <0.001 |
|         m1                          |    <0.001 |
|         m10                         |    <0.001 |
|         m11                         |    <0.001 |
|         m12                         |    <0.001 |
|         m13                         |    <0.001 |
|         m14                         |    <0.001 |
|         m15                         |    <0.001 |
|         m16                         |    <0.001 |
|         m17                         |    <0.001 |
|         m18                         |    <0.001 |
|         m19                         |    <0.001 |
|         m2                          |    <0.001 |
|         m20                         |    <0.001 |
|         m21                         |    <0.001 |
|         m22                         |    <0.001 |
|         m23                         |    <0.001 |
|         m24                         |    <0.001 |
|         m25                         |    <0.001 |
|         m26                         |    <0.001 |
|         m27                         |    <0.001 |
|         m28                         |    <0.001 |
|         m29                         |    <0.001 |
|         m3                          |    <0.001 |
|         m30                         |    <0.001 |
|         m31                         |    <0.001 |
|         m4                          |    <0.001 |
|         m5                          |    <0.001 |
|         m6                          |    <0.001 |
|         m7                          |    <0.001 |
|         m8                          |    <0.001 |
|         m9                          |    <0.001 |
|       LO                            |    <0.001 |
|         m0                          |    <0.001 |
|         m1                          |    <0.001 |
|         m10                         |    <0.001 |
|         m11                         |    <0.001 |
|         m12                         |    <0.001 |
|         m13                         |    <0.001 |
|         m14                         |    <0.001 |
|         m15                         |    <0.001 |
|         m16                         |    <0.001 |
|         m17                         |    <0.001 |
|         m18                         |    <0.001 |
|         m19                         |    <0.001 |
|         m2                          |    <0.001 |
|         m20                         |    <0.001 |
|         m21                         |    <0.001 |
|         m22                         |    <0.001 |
|         m23                         |    <0.001 |
|         m24                         |    <0.001 |
|         m25                         |    <0.001 |
|         m26                         |    <0.001 |
|         m27                         |    <0.001 |
|         m28                         |    <0.001 |
|         m29                         |    <0.001 |
|         m3                          |    <0.001 |
|         m30                         |    <0.001 |
|         m31                         |    <0.001 |
|         m4                          |    <0.001 |
|         m5                          |    <0.001 |
|         m6                          |    <0.001 |
|         m7                          |    <0.001 |
|         m8                          |    <0.001 |
|         m9                          |    <0.001 |
|       MULT                          |    <0.001 |
|         multiplying_unit            |    <0.001 |
|       MULTU                         |    <0.001 |
|       Mux_ALU                       |    <0.001 |
|       Mux_HI                        |    <0.001 |
|       Mux_LO                        |    <0.001 |
|       Mux_PC                        |    <0.001 |
|       Mux_RF                        |     0.000 |
|       PC                            |    <0.001 |
|         m0                          |    <0.001 |
|         m1                          |    <0.001 |
|         m10                         |    <0.001 |
|         m11                         |    <0.001 |
|         m12                         |    <0.001 |
|         m13                         |    <0.001 |
|         m14                         |    <0.001 |
|         m15                         |    <0.001 |
|         m16                         |    <0.001 |
|         m17                         |    <0.001 |
|         m18                         |    <0.001 |
|         m19                         |    <0.001 |
|         m2                          |    <0.001 |
|         m20                         |    <0.001 |
|         m21                         |    <0.001 |
|         m22                         |    <0.001 |
|         m23                         |    <0.001 |
|         m24                         |    <0.001 |
|         m25                         |    <0.001 |
|         m26                         |    <0.001 |
|         m27                         |    <0.001 |
|         m28                         |    <0.001 |
|         m29                         |    <0.001 |
|         m3                          |    <0.001 |
|         m30                         |    <0.001 |
|         m31                         |    <0.001 |
|         m4                          |    <0.001 |
|         m5                          |    <0.001 |
|         m6                          |    <0.001 |
|         m7                          |    <0.001 |
|         m8                          |    <0.001 |
|         m9                          |    <0.001 |
|       Z                             |    <0.001 |
|         Save_ALU                    |    <0.001 |
|           m0                        |    <0.001 |
|           m1                        |    <0.001 |
|           m10                       |    <0.001 |
|           m11                       |    <0.001 |
|           m12                       |    <0.001 |
|           m13                       |    <0.001 |
|           m14                       |    <0.001 |
|           m15                       |    <0.001 |
|           m16                       |    <0.001 |
|           m17                       |    <0.001 |
|           m18                       |    <0.001 |
|           m19                       |    <0.001 |
|           m2                        |    <0.001 |
|           m20                       |    <0.001 |
|           m21                       |    <0.001 |
|           m22                       |    <0.001 |
|           m23                       |    <0.001 |
|           m24                       |    <0.001 |
|           m25                       |    <0.001 |
|           m26                       |    <0.001 |
|           m27                       |    <0.001 |
|           m28                       |    <0.001 |
|           m29                       |    <0.001 |
|           m3                        |    <0.001 |
|           m30                       |    <0.001 |
|           m31                       |    <0.001 |
|           m4                        |    <0.001 |
|           m5                        |    <0.001 |
|           m6                        |    <0.001 |
|           m7                        |    <0.001 |
|           m8                        |    <0.001 |
|           m9                        |    <0.001 |
|         Save_carry                  |    <0.001 |
|         Save_negative               |    <0.001 |
|         Save_zero                   |    <0.001 |
|       cpu_ref                       |    <0.001 |
|         r1                          |     0.000 |
|           m0                        |     0.000 |
|           m1                        |     0.000 |
|           m10                       |     0.000 |
|           m11                       |     0.000 |
|           m12                       |     0.000 |
|           m13                       |     0.000 |
|           m14                       |     0.000 |
|           m15                       |     0.000 |
|           m16                       |     0.000 |
|           m17                       |     0.000 |
|           m18                       |     0.000 |
|           m19                       |     0.000 |
|           m2                        |     0.000 |
|           m20                       |     0.000 |
|           m21                       |     0.000 |
|           m22                       |     0.000 |
|           m23                       |     0.000 |
|           m24                       |     0.000 |
|           m25                       |     0.000 |
|           m26                       |     0.000 |
|           m27                       |     0.000 |
|           m28                       |     0.000 |
|           m29                       |     0.000 |
|           m3                        |     0.000 |
|           m30                       |     0.000 |
|           m31                       |     0.000 |
|           m4                        |     0.000 |
|           m5                        |     0.000 |
|           m6                        |     0.000 |
|           m7                        |     0.000 |
|           m8                        |     0.000 |
|           m9                        |     0.000 |
|         r10                         |     0.000 |
|           m0                        |     0.000 |
|           m1                        |     0.000 |
|           m10                       |     0.000 |
|           m11                       |     0.000 |
|           m12                       |     0.000 |
|           m13                       |     0.000 |
|           m14                       |     0.000 |
|           m15                       |     0.000 |
|           m16                       |     0.000 |
|           m17                       |     0.000 |
|           m18                       |     0.000 |
|           m19                       |     0.000 |
|           m2                        |     0.000 |
|           m20                       |     0.000 |
|           m21                       |     0.000 |
|           m22                       |     0.000 |
|           m23                       |     0.000 |
|           m24                       |     0.000 |
|           m25                       |     0.000 |
|           m26                       |     0.000 |
|           m27                       |     0.000 |
|           m28                       |     0.000 |
|           m29                       |     0.000 |
|           m3                        |     0.000 |
|           m30                       |     0.000 |
|           m31                       |     0.000 |
|           m4                        |     0.000 |
|           m5                        |     0.000 |
|           m6                        |     0.000 |
|           m7                        |     0.000 |
|           m8                        |     0.000 |
|           m9                        |     0.000 |
|         r11                         |    <0.001 |
|           m0                        |    <0.001 |
|           m1                        |    <0.001 |
|           m10                       |    <0.001 |
|           m11                       |    <0.001 |
|           m12                       |    <0.001 |
|           m13                       |    <0.001 |
|           m14                       |    <0.001 |
|           m15                       |    <0.001 |
|           m16                       |    <0.001 |
|           m17                       |    <0.001 |
|           m18                       |    <0.001 |
|           m19                       |    <0.001 |
|           m2                        |    <0.001 |
|           m20                       |    <0.001 |
|           m21                       |    <0.001 |
|           m22                       |    <0.001 |
|           m23                       |    <0.001 |
|           m24                       |    <0.001 |
|           m25                       |    <0.001 |
|           m26                       |    <0.001 |
|           m27                       |    <0.001 |
|           m28                       |    <0.001 |
|           m29                       |    <0.001 |
|           m3                        |    <0.001 |
|           m30                       |    <0.001 |
|           m31                       |    <0.001 |
|           m4                        |    <0.001 |
|           m5                        |    <0.001 |
|           m6                        |    <0.001 |
|           m7                        |    <0.001 |
|           m8                        |    <0.001 |
|           m9                        |    <0.001 |
|         r12                         |     0.000 |
|           m0                        |     0.000 |
|           m1                        |     0.000 |
|           m10                       |     0.000 |
|           m11                       |     0.000 |
|           m12                       |     0.000 |
|           m13                       |     0.000 |
|           m14                       |     0.000 |
|           m15                       |     0.000 |
|           m16                       |     0.000 |
|           m17                       |     0.000 |
|           m18                       |     0.000 |
|           m19                       |     0.000 |
|           m2                        |     0.000 |
|           m20                       |     0.000 |
|           m21                       |     0.000 |
|           m22                       |     0.000 |
|           m23                       |     0.000 |
|           m24                       |     0.000 |
|           m25                       |     0.000 |
|           m26                       |     0.000 |
|           m27                       |     0.000 |
|           m28                       |     0.000 |
|           m29                       |     0.000 |
|           m3                        |     0.000 |
|           m30                       |     0.000 |
|           m31                       |     0.000 |
|           m4                        |     0.000 |
|           m5                        |     0.000 |
|           m6                        |     0.000 |
|           m7                        |     0.000 |
|           m8                        |     0.000 |
|           m9                        |     0.000 |
|         r13                         |     0.000 |
|           m0                        |     0.000 |
|           m1                        |     0.000 |
|           m10                       |     0.000 |
|           m11                       |     0.000 |
|           m12                       |     0.000 |
|           m13                       |     0.000 |
|           m14                       |     0.000 |
|           m15                       |     0.000 |
|           m16                       |     0.000 |
|           m17                       |     0.000 |
|           m18                       |     0.000 |
|           m19                       |     0.000 |
|           m2                        |     0.000 |
|           m20                       |     0.000 |
|           m21                       |     0.000 |
|           m22                       |     0.000 |
|           m23                       |     0.000 |
|           m24                       |     0.000 |
|           m25                       |     0.000 |
|           m26                       |     0.000 |
|           m27                       |     0.000 |
|           m28                       |     0.000 |
|           m29                       |     0.000 |
|           m3                        |     0.000 |
|           m30                       |     0.000 |
|           m31                       |     0.000 |
|           m4                        |     0.000 |
|           m5                        |     0.000 |
|           m6                        |     0.000 |
|           m7                        |     0.000 |
|           m8                        |     0.000 |
|           m9                        |     0.000 |
|         r14                         |     0.000 |
|           m0                        |     0.000 |
|           m1                        |     0.000 |
|           m10                       |     0.000 |
|           m11                       |     0.000 |
|           m12                       |     0.000 |
|           m13                       |     0.000 |
|           m14                       |     0.000 |
|           m15                       |     0.000 |
|           m16                       |     0.000 |
|           m17                       |     0.000 |
|           m18                       |     0.000 |
|           m19                       |     0.000 |
|           m2                        |     0.000 |
|           m20                       |     0.000 |
|           m21                       |     0.000 |
|           m22                       |     0.000 |
|           m23                       |     0.000 |
|           m24                       |     0.000 |
|           m25                       |     0.000 |
|           m26                       |     0.000 |
|           m27                       |     0.000 |
|           m28                       |     0.000 |
|           m29                       |     0.000 |
|           m3                        |     0.000 |
|           m30                       |     0.000 |
|           m31                       |     0.000 |
|           m4                        |     0.000 |
|           m5                        |     0.000 |
|           m6                        |     0.000 |
|           m7                        |     0.000 |
|           m8                        |     0.000 |
|           m9                        |     0.000 |
|         r15                         |    <0.001 |
|           m0                        |    <0.001 |
|           m1                        |    <0.001 |
|           m10                       |    <0.001 |
|           m11                       |    <0.001 |
|           m12                       |    <0.001 |
|           m13                       |    <0.001 |
|           m14                       |    <0.001 |
|           m15                       |    <0.001 |
|           m16                       |    <0.001 |
|           m17                       |    <0.001 |
|           m18                       |    <0.001 |
|           m19                       |    <0.001 |
|           m2                        |    <0.001 |
|           m20                       |    <0.001 |
|           m21                       |    <0.001 |
|           m22                       |    <0.001 |
|           m23                       |    <0.001 |
|           m24                       |    <0.001 |
|           m25                       |    <0.001 |
|           m26                       |    <0.001 |
|           m27                       |    <0.001 |
|           m28                       |    <0.001 |
|           m29                       |    <0.001 |
|           m3                        |    <0.001 |
|           m30                       |    <0.001 |
|           m31                       |    <0.001 |
|           m4                        |    <0.001 |
|           m5                        |    <0.001 |
|           m6                        |    <0.001 |
|           m7                        |    <0.001 |
|           m8                        |    <0.001 |
|           m9                        |    <0.001 |
|         r16                         |     0.000 |
|           m0                        |     0.000 |
|           m1                        |     0.000 |
|           m10                       |     0.000 |
|           m11                       |     0.000 |
|           m12                       |     0.000 |
|           m13                       |     0.000 |
|           m14                       |     0.000 |
|           m15                       |     0.000 |
|           m16                       |     0.000 |
|           m17                       |     0.000 |
|           m18                       |     0.000 |
|           m19                       |     0.000 |
|           m2                        |     0.000 |
|           m20                       |     0.000 |
|           m21                       |     0.000 |
|           m22                       |     0.000 |
|           m23                       |     0.000 |
|           m24                       |     0.000 |
|           m25                       |     0.000 |
|           m26                       |     0.000 |
|           m27                       |     0.000 |
|           m28                       |     0.000 |
|           m29                       |     0.000 |
|           m3                        |     0.000 |
|           m30                       |     0.000 |
|           m31                       |     0.000 |
|           m4                        |     0.000 |
|           m5                        |     0.000 |
|           m6                        |     0.000 |
|           m7                        |     0.000 |
|           m8                        |     0.000 |
|           m9                        |     0.000 |
|         r17                         |     0.000 |
|           m0                        |     0.000 |
|           m1                        |     0.000 |
|           m10                       |     0.000 |
|           m11                       |     0.000 |
|           m12                       |     0.000 |
|           m13                       |     0.000 |
|           m14                       |     0.000 |
|           m15                       |     0.000 |
|           m16                       |     0.000 |
|           m17                       |     0.000 |
|           m18                       |     0.000 |
|           m19                       |     0.000 |
|           m2                        |     0.000 |
|           m20                       |     0.000 |
|           m21                       |     0.000 |
|           m22                       |     0.000 |
|           m23                       |     0.000 |
|           m24                       |     0.000 |
|           m25                       |     0.000 |
|           m26                       |     0.000 |
|           m27                       |     0.000 |
|           m28                       |     0.000 |
|           m29                       |     0.000 |
|           m3                        |     0.000 |
|           m30                       |     0.000 |
|           m31                       |     0.000 |
|           m4                        |     0.000 |
|           m5                        |     0.000 |
|           m6                        |     0.000 |
|           m7                        |     0.000 |
|           m8                        |     0.000 |
|           m9                        |     0.000 |
|         r18                         |     0.000 |
|           m0                        |     0.000 |
|           m1                        |     0.000 |
|           m10                       |     0.000 |
|           m11                       |     0.000 |
|           m12                       |     0.000 |
|           m13                       |     0.000 |
|           m14                       |     0.000 |
|           m15                       |     0.000 |
|           m16                       |     0.000 |
|           m17                       |     0.000 |
|           m18                       |     0.000 |
|           m19                       |     0.000 |
|           m2                        |     0.000 |
|           m20                       |     0.000 |
|           m21                       |     0.000 |
|           m22                       |     0.000 |
|           m23                       |     0.000 |
|           m24                       |     0.000 |
|           m25                       |     0.000 |
|           m26                       |     0.000 |
|           m27                       |     0.000 |
|           m28                       |     0.000 |
|           m29                       |     0.000 |
|           m3                        |     0.000 |
|           m30                       |     0.000 |
|           m31                       |     0.000 |
|           m4                        |     0.000 |
|           m5                        |     0.000 |
|           m6                        |     0.000 |
|           m7                        |     0.000 |
|           m8                        |     0.000 |
|           m9                        |     0.000 |
|         r19                         |    <0.001 |
|           m0                        |    <0.001 |
|           m1                        |    <0.001 |
|           m10                       |    <0.001 |
|           m11                       |    <0.001 |
|           m12                       |    <0.001 |
|           m13                       |    <0.001 |
|           m14                       |    <0.001 |
|           m15                       |    <0.001 |
|           m16                       |    <0.001 |
|           m17                       |    <0.001 |
|           m18                       |    <0.001 |
|           m19                       |    <0.001 |
|           m2                        |    <0.001 |
|           m20                       |    <0.001 |
|           m21                       |    <0.001 |
|           m22                       |    <0.001 |
|           m23                       |    <0.001 |
|           m24                       |    <0.001 |
|           m25                       |    <0.001 |
|           m26                       |    <0.001 |
|           m27                       |    <0.001 |
|           m28                       |    <0.001 |
|           m29                       |    <0.001 |
|           m3                        |    <0.001 |
|           m30                       |    <0.001 |
|           m31                       |    <0.001 |
|           m4                        |    <0.001 |
|           m5                        |    <0.001 |
|           m6                        |    <0.001 |
|           m7                        |    <0.001 |
|           m8                        |    <0.001 |
|           m9                        |    <0.001 |
|         r2                          |     0.000 |
|           m0                        |     0.000 |
|           m1                        |     0.000 |
|           m10                       |     0.000 |
|           m11                       |     0.000 |
|           m12                       |     0.000 |
|           m13                       |     0.000 |
|           m14                       |     0.000 |
|           m15                       |     0.000 |
|           m16                       |     0.000 |
|           m17                       |     0.000 |
|           m18                       |     0.000 |
|           m19                       |     0.000 |
|           m2                        |     0.000 |
|           m20                       |     0.000 |
|           m21                       |     0.000 |
|           m22                       |     0.000 |
|           m23                       |     0.000 |
|           m24                       |     0.000 |
|           m25                       |     0.000 |
|           m26                       |     0.000 |
|           m27                       |     0.000 |
|           m28                       |     0.000 |
|           m29                       |     0.000 |
|           m3                        |     0.000 |
|           m30                       |     0.000 |
|           m31                       |     0.000 |
|           m4                        |     0.000 |
|           m5                        |     0.000 |
|           m6                        |     0.000 |
|           m7                        |     0.000 |
|           m8                        |     0.000 |
|           m9                        |     0.000 |
|         r20                         |     0.000 |
|           m0                        |     0.000 |
|           m1                        |     0.000 |
|           m10                       |     0.000 |
|           m11                       |     0.000 |
|           m12                       |     0.000 |
|           m13                       |     0.000 |
|           m14                       |     0.000 |
|           m15                       |     0.000 |
|           m16                       |     0.000 |
|           m17                       |     0.000 |
|           m18                       |     0.000 |
|           m19                       |     0.000 |
|           m2                        |     0.000 |
|           m20                       |     0.000 |
|           m21                       |     0.000 |
|           m22                       |     0.000 |
|           m23                       |     0.000 |
|           m24                       |     0.000 |
|           m25                       |     0.000 |
|           m26                       |     0.000 |
|           m27                       |     0.000 |
|           m28                       |     0.000 |
|           m29                       |     0.000 |
|           m3                        |     0.000 |
|           m30                       |     0.000 |
|           m31                       |     0.000 |
|           m4                        |     0.000 |
|           m5                        |     0.000 |
|           m6                        |     0.000 |
|           m7                        |     0.000 |
|           m8                        |     0.000 |
|           m9                        |     0.000 |
|         r21                         |     0.000 |
|           m0                        |     0.000 |
|           m1                        |     0.000 |
|           m10                       |     0.000 |
|           m11                       |     0.000 |
|           m12                       |     0.000 |
|           m13                       |     0.000 |
|           m14                       |     0.000 |
|           m15                       |     0.000 |
|           m16                       |     0.000 |
|           m17                       |     0.000 |
|           m18                       |     0.000 |
|           m19                       |     0.000 |
|           m2                        |     0.000 |
|           m20                       |     0.000 |
|           m21                       |     0.000 |
|           m22                       |     0.000 |
|           m23                       |     0.000 |
|           m24                       |     0.000 |
|           m25                       |     0.000 |
|           m26                       |     0.000 |
|           m27                       |     0.000 |
|           m28                       |     0.000 |
|           m29                       |     0.000 |
|           m3                        |     0.000 |
|           m30                       |     0.000 |
|           m31                       |     0.000 |
|           m4                        |     0.000 |
|           m5                        |     0.000 |
|           m6                        |     0.000 |
|           m7                        |     0.000 |
|           m8                        |     0.000 |
|           m9                        |     0.000 |
|         r22                         |     0.000 |
|           m0                        |     0.000 |
|           m1                        |     0.000 |
|           m10                       |     0.000 |
|           m11                       |     0.000 |
|           m12                       |     0.000 |
|           m13                       |     0.000 |
|           m14                       |     0.000 |
|           m15                       |     0.000 |
|           m16                       |     0.000 |
|           m17                       |     0.000 |
|           m18                       |     0.000 |
|           m19                       |     0.000 |
|           m2                        |     0.000 |
|           m20                       |     0.000 |
|           m21                       |     0.000 |
|           m22                       |     0.000 |
|           m23                       |     0.000 |
|           m24                       |     0.000 |
|           m25                       |     0.000 |
|           m26                       |     0.000 |
|           m27                       |     0.000 |
|           m28                       |     0.000 |
|           m29                       |     0.000 |
|           m3                        |     0.000 |
|           m30                       |     0.000 |
|           m31                       |     0.000 |
|           m4                        |     0.000 |
|           m5                        |     0.000 |
|           m6                        |     0.000 |
|           m7                        |     0.000 |
|           m8                        |     0.000 |
|           m9                        |     0.000 |
|         r23                         |    <0.001 |
|           m0                        |    <0.001 |
|           m1                        |    <0.001 |
|           m10                       |    <0.001 |
|           m11                       |    <0.001 |
|           m12                       |    <0.001 |
|           m13                       |    <0.001 |
|           m14                       |    <0.001 |
|           m15                       |    <0.001 |
|           m16                       |    <0.001 |
|           m17                       |    <0.001 |
|           m18                       |    <0.001 |
|           m19                       |    <0.001 |
|           m2                        |    <0.001 |
|           m20                       |    <0.001 |
|           m21                       |    <0.001 |
|           m22                       |    <0.001 |
|           m23                       |    <0.001 |
|           m24                       |    <0.001 |
|           m25                       |    <0.001 |
|           m26                       |    <0.001 |
|           m27                       |    <0.001 |
|           m28                       |    <0.001 |
|           m29                       |    <0.001 |
|           m3                        |    <0.001 |
|           m30                       |    <0.001 |
|           m31                       |    <0.001 |
|           m4                        |    <0.001 |
|           m5                        |    <0.001 |
|           m6                        |    <0.001 |
|           m7                        |    <0.001 |
|           m8                        |    <0.001 |
|           m9                        |    <0.001 |
|         r24                         |     0.000 |
|           m0                        |     0.000 |
|           m1                        |     0.000 |
|           m10                       |     0.000 |
|           m11                       |     0.000 |
|           m12                       |     0.000 |
|           m13                       |     0.000 |
|           m14                       |     0.000 |
|           m15                       |     0.000 |
|           m16                       |     0.000 |
|           m17                       |     0.000 |
|           m18                       |     0.000 |
|           m19                       |     0.000 |
|           m2                        |     0.000 |
|           m20                       |     0.000 |
|           m21                       |     0.000 |
|           m22                       |     0.000 |
|           m23                       |     0.000 |
|           m24                       |     0.000 |
|           m25                       |     0.000 |
|           m26                       |     0.000 |
|           m27                       |     0.000 |
|           m28                       |     0.000 |
|           m29                       |     0.000 |
|           m3                        |     0.000 |
|           m30                       |     0.000 |
|           m31                       |     0.000 |
|           m4                        |     0.000 |
|           m5                        |     0.000 |
|           m6                        |     0.000 |
|           m7                        |     0.000 |
|           m8                        |     0.000 |
|           m9                        |     0.000 |
|         r25                         |     0.000 |
|           m0                        |     0.000 |
|           m1                        |     0.000 |
|           m10                       |     0.000 |
|           m11                       |     0.000 |
|           m12                       |     0.000 |
|           m13                       |     0.000 |
|           m14                       |     0.000 |
|           m15                       |     0.000 |
|           m16                       |     0.000 |
|           m17                       |     0.000 |
|           m18                       |     0.000 |
|           m19                       |     0.000 |
|           m2                        |     0.000 |
|           m20                       |     0.000 |
|           m21                       |     0.000 |
|           m22                       |     0.000 |
|           m23                       |     0.000 |
|           m24                       |     0.000 |
|           m25                       |     0.000 |
|           m26                       |     0.000 |
|           m27                       |     0.000 |
|           m28                       |     0.000 |
|           m29                       |     0.000 |
|           m3                        |     0.000 |
|           m30                       |     0.000 |
|           m31                       |     0.000 |
|           m4                        |     0.000 |
|           m5                        |     0.000 |
|           m6                        |     0.000 |
|           m7                        |     0.000 |
|           m8                        |     0.000 |
|           m9                        |     0.000 |
|         r26                         |     0.000 |
|           m0                        |     0.000 |
|           m1                        |     0.000 |
|           m10                       |     0.000 |
|           m11                       |     0.000 |
|           m12                       |     0.000 |
|           m13                       |     0.000 |
|           m14                       |     0.000 |
|           m15                       |     0.000 |
|           m16                       |     0.000 |
|           m17                       |     0.000 |
|           m18                       |     0.000 |
|           m19                       |     0.000 |
|           m2                        |     0.000 |
|           m20                       |     0.000 |
|           m21                       |     0.000 |
|           m22                       |     0.000 |
|           m23                       |     0.000 |
|           m24                       |     0.000 |
|           m25                       |     0.000 |
|           m26                       |     0.000 |
|           m27                       |     0.000 |
|           m28                       |     0.000 |
|           m29                       |     0.000 |
|           m3                        |     0.000 |
|           m30                       |     0.000 |
|           m31                       |     0.000 |
|           m4                        |     0.000 |
|           m5                        |     0.000 |
|           m6                        |     0.000 |
|           m7                        |     0.000 |
|           m8                        |     0.000 |
|           m9                        |     0.000 |
|         r27                         |    <0.001 |
|           m0                        |    <0.001 |
|           m1                        |    <0.001 |
|           m10                       |    <0.001 |
|           m11                       |    <0.001 |
|           m12                       |    <0.001 |
|           m13                       |    <0.001 |
|           m14                       |    <0.001 |
|           m15                       |    <0.001 |
|           m16                       |    <0.001 |
|           m17                       |    <0.001 |
|           m18                       |    <0.001 |
|           m19                       |    <0.001 |
|           m2                        |    <0.001 |
|           m20                       |    <0.001 |
|           m21                       |    <0.001 |
|           m22                       |    <0.001 |
|           m23                       |    <0.001 |
|           m24                       |    <0.001 |
|           m25                       |    <0.001 |
|           m26                       |    <0.001 |
|           m27                       |    <0.001 |
|           m28                       |    <0.001 |
|           m29                       |    <0.001 |
|           m3                        |    <0.001 |
|           m30                       |    <0.001 |
|           m31                       |    <0.001 |
|           m4                        |    <0.001 |
|           m5                        |    <0.001 |
|           m6                        |    <0.001 |
|           m7                        |    <0.001 |
|           m8                        |    <0.001 |
|           m9                        |    <0.001 |
|         r28                         |     0.000 |
|           m0                        |     0.000 |
|           m1                        |     0.000 |
|           m10                       |     0.000 |
|           m11                       |     0.000 |
|           m12                       |     0.000 |
|           m13                       |     0.000 |
|           m14                       |     0.000 |
|           m15                       |     0.000 |
|           m16                       |     0.000 |
|           m17                       |     0.000 |
|           m18                       |     0.000 |
|           m19                       |     0.000 |
|           m2                        |     0.000 |
|           m20                       |     0.000 |
|           m21                       |     0.000 |
|           m22                       |     0.000 |
|           m23                       |     0.000 |
|           m24                       |     0.000 |
|           m25                       |     0.000 |
|           m26                       |     0.000 |
|           m27                       |     0.000 |
|           m28                       |     0.000 |
|           m29                       |     0.000 |
|           m3                        |     0.000 |
|           m30                       |     0.000 |
|           m31                       |     0.000 |
|           m4                        |     0.000 |
|           m5                        |     0.000 |
|           m6                        |     0.000 |
|           m7                        |     0.000 |
|           m8                        |     0.000 |
|           m9                        |     0.000 |
|         r29                         |     0.000 |
|           m0                        |     0.000 |
|           m1                        |     0.000 |
|           m10                       |     0.000 |
|           m11                       |     0.000 |
|           m12                       |     0.000 |
|           m13                       |     0.000 |
|           m14                       |     0.000 |
|           m15                       |     0.000 |
|           m16                       |     0.000 |
|           m17                       |     0.000 |
|           m18                       |     0.000 |
|           m19                       |     0.000 |
|           m2                        |     0.000 |
|           m20                       |     0.000 |
|           m21                       |     0.000 |
|           m22                       |     0.000 |
|           m23                       |     0.000 |
|           m24                       |     0.000 |
|           m25                       |     0.000 |
|           m26                       |     0.000 |
|           m27                       |     0.000 |
|           m28                       |     0.000 |
|           m29                       |     0.000 |
|           m3                        |     0.000 |
|           m30                       |     0.000 |
|           m31                       |     0.000 |
|           m4                        |     0.000 |
|           m5                        |     0.000 |
|           m6                        |     0.000 |
|           m7                        |     0.000 |
|           m8                        |     0.000 |
|           m9                        |     0.000 |
|         r3                          |    <0.001 |
|           m0                        |    <0.001 |
|           m1                        |    <0.001 |
|           m10                       |    <0.001 |
|           m11                       |    <0.001 |
|           m12                       |    <0.001 |
|           m13                       |    <0.001 |
|           m14                       |    <0.001 |
|           m15                       |    <0.001 |
|           m16                       |    <0.001 |
|           m17                       |    <0.001 |
|           m18                       |    <0.001 |
|           m19                       |    <0.001 |
|           m2                        |    <0.001 |
|           m20                       |    <0.001 |
|           m21                       |    <0.001 |
|           m22                       |    <0.001 |
|           m23                       |    <0.001 |
|           m24                       |    <0.001 |
|           m25                       |    <0.001 |
|           m26                       |    <0.001 |
|           m27                       |    <0.001 |
|           m28                       |    <0.001 |
|           m29                       |    <0.001 |
|           m3                        |    <0.001 |
|           m30                       |    <0.001 |
|           m31                       |    <0.001 |
|           m4                        |    <0.001 |
|           m5                        |    <0.001 |
|           m6                        |    <0.001 |
|           m7                        |    <0.001 |
|           m8                        |    <0.001 |
|           m9                        |    <0.001 |
|         r30                         |     0.000 |
|           m0                        |     0.000 |
|           m1                        |     0.000 |
|           m10                       |     0.000 |
|           m11                       |     0.000 |
|           m12                       |     0.000 |
|           m13                       |     0.000 |
|           m14                       |     0.000 |
|           m15                       |     0.000 |
|           m16                       |     0.000 |
|           m17                       |     0.000 |
|           m18                       |     0.000 |
|           m19                       |     0.000 |
|           m2                        |     0.000 |
|           m20                       |     0.000 |
|           m21                       |     0.000 |
|           m22                       |     0.000 |
|           m23                       |     0.000 |
|           m24                       |     0.000 |
|           m25                       |     0.000 |
|           m26                       |     0.000 |
|           m27                       |     0.000 |
|           m28                       |     0.000 |
|           m29                       |     0.000 |
|           m3                        |     0.000 |
|           m30                       |     0.000 |
|           m31                       |     0.000 |
|           m4                        |     0.000 |
|           m5                        |     0.000 |
|           m6                        |     0.000 |
|           m7                        |     0.000 |
|           m8                        |     0.000 |
|           m9                        |     0.000 |
|         r31                         |    <0.001 |
|           m0                        |    <0.001 |
|           m1                        |    <0.001 |
|           m10                       |    <0.001 |
|           m11                       |    <0.001 |
|           m12                       |    <0.001 |
|           m13                       |    <0.001 |
|           m14                       |    <0.001 |
|           m15                       |    <0.001 |
|           m16                       |    <0.001 |
|           m17                       |    <0.001 |
|           m18                       |    <0.001 |
|           m19                       |    <0.001 |
|           m2                        |    <0.001 |
|           m20                       |    <0.001 |
|           m21                       |    <0.001 |
|           m22                       |    <0.001 |
|           m23                       |    <0.001 |
|           m24                       |    <0.001 |
|           m25                       |    <0.001 |
|           m26                       |    <0.001 |
|           m27                       |    <0.001 |
|           m28                       |    <0.001 |
|           m29                       |    <0.001 |
|           m3                        |    <0.001 |
|           m30                       |    <0.001 |
|           m31                       |    <0.001 |
|           m4                        |    <0.001 |
|           m5                        |    <0.001 |
|           m6                        |    <0.001 |
|           m7                        |    <0.001 |
|           m8                        |    <0.001 |
|           m9                        |    <0.001 |
|         r4                          |     0.000 |
|           m0                        |     0.000 |
|           m1                        |     0.000 |
|           m10                       |     0.000 |
|           m11                       |     0.000 |
|           m12                       |     0.000 |
|           m13                       |     0.000 |
|           m14                       |     0.000 |
|           m15                       |     0.000 |
|           m16                       |     0.000 |
|           m17                       |     0.000 |
|           m18                       |     0.000 |
|           m19                       |     0.000 |
|           m2                        |     0.000 |
|           m20                       |     0.000 |
|           m21                       |     0.000 |
|           m22                       |     0.000 |
|           m23                       |     0.000 |
|           m24                       |     0.000 |
|           m25                       |     0.000 |
|           m26                       |     0.000 |
|           m27                       |     0.000 |
|           m28                       |     0.000 |
|           m29                       |     0.000 |
|           m3                        |     0.000 |
|           m30                       |     0.000 |
|           m31                       |     0.000 |
|           m4                        |     0.000 |
|           m5                        |     0.000 |
|           m6                        |     0.000 |
|           m7                        |     0.000 |
|           m8                        |     0.000 |
|           m9                        |     0.000 |
|         r5                          |     0.000 |
|           m0                        |     0.000 |
|           m1                        |     0.000 |
|           m10                       |     0.000 |
|           m11                       |     0.000 |
|           m12                       |     0.000 |
|           m13                       |     0.000 |
|           m14                       |     0.000 |
|           m15                       |     0.000 |
|           m16                       |     0.000 |
|           m17                       |     0.000 |
|           m18                       |     0.000 |
|           m19                       |     0.000 |
|           m2                        |     0.000 |
|           m20                       |     0.000 |
|           m21                       |     0.000 |
|           m22                       |     0.000 |
|           m23                       |     0.000 |
|           m24                       |     0.000 |
|           m25                       |     0.000 |
|           m26                       |     0.000 |
|           m27                       |     0.000 |
|           m28                       |     0.000 |
|           m29                       |     0.000 |
|           m3                        |     0.000 |
|           m30                       |     0.000 |
|           m31                       |     0.000 |
|           m4                        |     0.000 |
|           m5                        |     0.000 |
|           m6                        |     0.000 |
|           m7                        |     0.000 |
|           m8                        |     0.000 |
|           m9                        |     0.000 |
|         r6                          |     0.000 |
|           m0                        |     0.000 |
|           m1                        |     0.000 |
|           m10                       |     0.000 |
|           m11                       |     0.000 |
|           m12                       |     0.000 |
|           m13                       |     0.000 |
|           m14                       |     0.000 |
|           m15                       |     0.000 |
|           m16                       |     0.000 |
|           m17                       |     0.000 |
|           m18                       |     0.000 |
|           m19                       |     0.000 |
|           m2                        |     0.000 |
|           m20                       |     0.000 |
|           m21                       |     0.000 |
|           m22                       |     0.000 |
|           m23                       |     0.000 |
|           m24                       |     0.000 |
|           m25                       |     0.000 |
|           m26                       |     0.000 |
|           m27                       |     0.000 |
|           m28                       |     0.000 |
|           m29                       |     0.000 |
|           m3                        |     0.000 |
|           m30                       |     0.000 |
|           m31                       |     0.000 |
|           m4                        |     0.000 |
|           m5                        |     0.000 |
|           m6                        |     0.000 |
|           m7                        |     0.000 |
|           m8                        |     0.000 |
|           m9                        |     0.000 |
|         r7                          |    <0.001 |
|           m0                        |    <0.001 |
|           m1                        |    <0.001 |
|           m10                       |    <0.001 |
|           m11                       |    <0.001 |
|           m12                       |    <0.001 |
|           m13                       |    <0.001 |
|           m14                       |    <0.001 |
|           m15                       |    <0.001 |
|           m16                       |    <0.001 |
|           m17                       |    <0.001 |
|           m18                       |    <0.001 |
|           m19                       |    <0.001 |
|           m2                        |    <0.001 |
|           m20                       |    <0.001 |
|           m21                       |    <0.001 |
|           m22                       |    <0.001 |
|           m23                       |    <0.001 |
|           m24                       |    <0.001 |
|           m25                       |    <0.001 |
|           m26                       |    <0.001 |
|           m27                       |    <0.001 |
|           m28                       |    <0.001 |
|           m29                       |    <0.001 |
|           m3                        |    <0.001 |
|           m30                       |    <0.001 |
|           m31                       |    <0.001 |
|           m4                        |    <0.001 |
|           m5                        |    <0.001 |
|           m6                        |    <0.001 |
|           m7                        |    <0.001 |
|           m8                        |    <0.001 |
|           m9                        |    <0.001 |
|         r8                          |     0.000 |
|           m0                        |     0.000 |
|           m1                        |     0.000 |
|           m10                       |     0.000 |
|           m11                       |     0.000 |
|           m12                       |     0.000 |
|           m13                       |     0.000 |
|           m14                       |     0.000 |
|           m15                       |     0.000 |
|           m16                       |     0.000 |
|           m17                       |     0.000 |
|           m18                       |     0.000 |
|           m19                       |     0.000 |
|           m2                        |     0.000 |
|           m20                       |     0.000 |
|           m21                       |     0.000 |
|           m22                       |     0.000 |
|           m23                       |     0.000 |
|           m24                       |     0.000 |
|           m25                       |     0.000 |
|           m26                       |     0.000 |
|           m27                       |     0.000 |
|           m28                       |     0.000 |
|           m29                       |     0.000 |
|           m3                        |     0.000 |
|           m30                       |     0.000 |
|           m31                       |     0.000 |
|           m4                        |     0.000 |
|           m5                        |     0.000 |
|           m6                        |     0.000 |
|           m7                        |     0.000 |
|           m8                        |     0.000 |
|           m9                        |     0.000 |
|         r9                          |     0.000 |
|           m0                        |     0.000 |
|           m1                        |     0.000 |
|           m10                       |     0.000 |
|           m11                       |     0.000 |
|           m12                       |     0.000 |
|           m13                       |     0.000 |
|           m14                       |     0.000 |
|           m15                       |     0.000 |
|           m16                       |     0.000 |
|           m17                       |     0.000 |
|           m18                       |     0.000 |
|           m19                       |     0.000 |
|           m2                        |     0.000 |
|           m20                       |     0.000 |
|           m21                       |     0.000 |
|           m22                       |     0.000 |
|           m23                       |     0.000 |
|           m24                       |     0.000 |
|           m25                       |     0.000 |
|           m26                       |     0.000 |
|           m27                       |     0.000 |
|           m28                       |     0.000 |
|           m29                       |     0.000 |
|           m3                        |     0.000 |
|           m30                       |     0.000 |
|           m31                       |     0.000 |
|           m4                        |     0.000 |
|           m5                        |     0.000 |
|           m6                        |     0.000 |
|           m7                        |     0.000 |
|           m8                        |     0.000 |
|           m9                        |     0.000 |
|   display                           |    <0.001 |
+-------------------------------------+-----------+


